Microchip MPLAB XC8 Compiler V2.05 ()

Linker command line:

-W-3 --edf=D:\Microchip\xc8\v2.05\pic\dat\en_msgs.txt -cs \
  -h+dist/default/production\Chores.X.production.sym \
  --cmf=dist/default/production\Chores.X.production.cmf -z -Q16F88 \
  -oC:\Users\WASEE~1.LAP\AppData\Local\Temp\s7t0.2 --defsym=__MPLAB_BUILD=1 \
  -Mdist/default/production/Chores.X.production.map -E1 -ver=XC8 \
  --acfsm=1493 -ASTACK=0110h-016Fh -pstack=STACK -ACODE=00h-07FFhx2 \
  -ASTRCODE=00h-0FFFh -ASTRING=00h-0FFhx16 -ACONST=00h-0FFhx16 \
  -AENTRY=00h-0FFhx16 -ACOMMON=070h-07Fh -ABANK0=020h-06Fh \
  -ABANK1=0A0h-0EFh -ABANK2=0110h-016Fh -ABANK3=0190h-01EFh \
  -ARAM=020h-06Fh,0A0h-0EFh,0110h-016Fh,0190h-01EFh \
  -AABS1=020h-07Fh,0A0h-0EFh,0110h-016Fh,0190h-01EFh -ASFR0=00h-01Fh \
  -ASFR1=080h-09Fh -ASFR2=0100h-010Fh -ASFR3=0180h-018Fh \
  -preset_vec=00h,intentry=04h,init,end_init -ppowerup=CODE -pcinit=CODE \
  -pfunctab=ENTRY -ACONFIG=02007h-02008h -pconfig=CONFIG -DCONFIG=2 \
  -AIDLOC=02000h-02003h -pidloc=IDLOC -DIDLOC=2 -AEEDATA=00h-0FFh/02100h \
  -peeprom_data=EEDATA -DEEDATA=2 -DCODE=2 -DSTRCODE=2 -DSTRING=2 -DCONST=2 \
  -DENTRY=2 -k C:\Users\WASEE~1.LAP\AppData\Local\Temp\s7t0.o \
  dist/default/production\Chores.X.production.o 

Object code version is 3.11

Machine type is 16F88



                Name                               Link     Load   Length Selector   Space Scale
C:\Users\WASEE~1.LAP\AppData\Local\Temp\s7t0.o
                end_init                             11       11        2        8       0
                reset_vec                             0        0        2        0       0
                config                             2007     2007        2     400E       0
dist/default/production\Chores.X.production.o
                cinit                                13       13        9        8       0
                intentry                              4        4        D        8       0
                text23                              4D5      4D5       4B      4EC       0
                text22                              6A7      6A7       27      4EC       0
                text21                              7A2      7A2        C      4EC       0
                text20                              620      620       2F      4EC       0
                text19                              7AE      7AE        A      4EC       0
                text18                              713      713       22      4EC       0
                text17                              67C      67C       2B      4EC       0
                text16                              559      559       35      4EC       0
                text15                              5F1      5F1       2F      4EC       0
                text14                              755      755       20      4EC       0
                text13                              276      276       EA      4EC       0
                text12                              488      488       4D      4EC       0
                text11                              775      775       13      4EC       0
                text10                              6CE      6CE       23      4EC       0
                text9                               788      788        E      4EC       0
                text8                               58E      58E       33      4EC       0
                text7                               796      796        C      4EC       0
                text6                               6F1      6F1       22      4EC       0
                text5                               5C1      5C1       30      4EC       0
                text4                               433      433       55      4EC       0
                text3                               520      520       39      4EC       0
                text2                               64F      64F       2D      4EC       0
                text1                               735      735       20      4EC       0
                maintext                            360      360       D3      4EC       0
                cstackBANK0                          20       20       1E       20       1
                cstackCOMMON                         70       70        E       70       1
                clrtext                             7B8      7B8        8      4EC       0
                bssBANK0                             3E       3E        E       20       1
                stringtext                          100      100      176        2       0

TOTAL           Name                               Link     Load   Length     Space
        CLASS   STACK          

        CLASS   CODE           
                end_init                             11       11        2         0
                cinit                                13       13        9         0
                intentry                              4        4        D         0
                reset_vec                             0        0        2         0
                text23                              4D5      4D5       4B         0
                text22                              6A7      6A7       27         0
                text21                              7A2      7A2        C         0
                text20                              620      620       2F         0
                text19                              7AE      7AE        A         0
                text18                              713      713       22         0
                text17                              67C      67C       2B         0
                text16                              559      559       35         0
                text15                              5F1      5F1       2F         0
                text14                              755      755       20         0
                text13                              276      276       EA         0
                text12                              488      488       4D         0
                text11                              775      775       13         0
                text10                              6CE      6CE       23         0
                text9                               788      788        E         0
                text8                               58E      58E       33         0
                text7                               796      796        C         0
                text6                               6F1      6F1       22         0
                text5                               5C1      5C1       30         0
                text4                               433      433       55         0
                text3                               520      520       39         0
                text2                               64F      64F       2D         0
                text1                               735      735       20         0
                maintext                            360      360       D3         0
                clrtext                             7B8      7B8        8         0

        CLASS   STRCODE        
                stringtext                          100      100      176         0

        CLASS   STRING         

        CLASS   CONST          

        CLASS   ENTRY          

        CLASS   COMMON         
                cstackCOMMON                         70       70        E         1

        CLASS   BANK0          
                cstackBANK0                          20       20       1E         1
                bssBANK0                             3E       3E        E         1

        CLASS   BANK1          

        CLASS   BANK2          

        CLASS   BANK3          

        CLASS   RAM            

        CLASS   ABS1           
                abs_s1                               7E       7E        2         1

        CLASS   SFR0           

        CLASS   SFR1           

        CLASS   SFR2           

        CLASS   SFR3           

        CLASS   CONFIG         
                config                             2007     2007        2         0

        CLASS   IDLOC          

        CLASS   EEDATA         



SEGMENTS        Name                           Load    Length   Top    Selector   Space  Class     Delta

                reset_vec                      000000  000002  000002         0       0  CODE        2
                intentry                       000004  000018  00001C         8       0  CODE        2
                cstackBANK0                    000020  00002C  00004C        20       1  BANK0       1
                cstackCOMMON                   000070  00000E  00007E        70       1  COMMON      1
                stringtext                     000100  000176  000276         2       0  STRCODE     2
                text13                         000276  00054A  0007C0       4EC       0  CODE        2
                config                         002007  000002  002009      400E       0  CONFIG      2


UNUSED ADDRESS RANGES

        Name                Unused          Largest block    Delta
        BANK0            004C-006F             24           1
        BANK1            00A0-00EF             50           1
        BANK2            0110-016F             60           1
        BANK3            0190-01EF             60           1
        CODE             0002-0003              2           2
                         001C-00FF             E4
                         07C0-0FFF             40
        CONST            0002-0003              2           2
                         001C-00FF             E4
                         07C0-0FFF            100
        EEDATA           2100-21FF            100           2
        ENTRY            0002-0003              2           2
                         001C-00FF             E4
                         07C0-0FFF            100
        IDLOC            2000-2003              4           2
        RAM              004C-006F             24           1
                         00A0-00EF             50
                         0110-016F             60
                         0190-01EF             60
        SFR0             0000-001F             20           1
        SFR1             0080-009F             20           1
        SFR2             0100-010F             10           1
        SFR3             0180-018F             10           1
        STACK            0110-016F             60           1
        STRCODE          0002-0003              2           2
                         001C-00FF             E4
                         07C0-0FFF            840
        STRING           0002-0003              2           2
                         001C-00FF             E4
                         07C0-0FFF            100

                                  Symbol Table

?___awmod                  cstackBANK0  002D
?___wmul                   cstackBANK0  0034
?i1___awmod                cstackCOMMON 0073
?i1___wmul                 cstackCOMMON 007A
_GIE                       (abs)        005F
_INT0IE                    (abs)        005C
_INT0IF                    (abs)        0059
_PORTA                     (abs)        0005
_PORTB                     (abs)        0006
_PS0                       (abs)        0408
_PS1                       (abs)        0409
_PS2                       (abs)        040A
_PSA                       (abs)        040B
_RA7                       (abs)        002F
_RB1                       (abs)        0031
_RB2                       (abs)        0032
_T0CS                      (abs)        040D
_TMR0                      (abs)        0001
_TMR0IE                    (abs)        005D
_TMR0IF                    (abs)        005A
_TMR1                      (abs)        000E
_TRISA                     (abs)        0085
_TRISB                     (abs)        0086
__CFG_BOREN$OFF            (abs)        0000
__CFG_CCPMX$RB0            (abs)        0000
__CFG_CP$OFF               (abs)        0000
__CFG_CPD$OFF              (abs)        0000
__CFG_FCMEN$ON             (abs)        0000
__CFG_FOSC$INTOSCIO        (abs)        0000
__CFG_IESO$ON              (abs)        0000
__CFG_LVP$OFF              (abs)        0000
__CFG_MCLRE$ON             (abs)        0000
__CFG_PWRTE$OFF            (abs)        0000
__CFG_WDTE$OFF             (abs)        0000
__CFG_WRT$OFF              (abs)        0000
__Habs1                    abs1         0000
__Hbank0                   bank0        0000
__Hbank1                   bank1        0000
__Hbank2                   bank2        0000
__Hbank3                   bank3        0000
__HbssBANK0                bssBANK0     0000
__Hcinit                   cinit        001C
__Hclrtext                 clrtext      0000
__Hcode                    code         0000
__Hcommon                  common       0000
__Hconfig                  config       2009
__HcstackBANK0             cstackBANK0  0000
__HcstackCOMMON            cstackCOMMON 0000
__Heeprom_data             eeprom_data  0000
__Hend_init                end_init     0013
__Hfunctab                 functab      0000
__Hidloc                   idloc        0000
__Hinit                    init         0011
__Hintentry                intentry     0011
__Hmaintext                maintext     0000
__Hpowerup                 powerup      0000
__Hram                     ram          0000
__Hreset_vec               reset_vec    0002
__Hsfr0                    sfr0         0000
__Hsfr1                    sfr1         0000
__Hsfr2                    sfr2         0000
__Hsfr3                    sfr3         0000
__Hspace_0                 (abs)        2009
__Hspace_1                 (abs)        007E
__Hspace_2                 (abs)        0000
__Hspace_3                 (abs)        0000
__Hstack                   stack        0000
__Hstrings                 strings      0000
__Hstringtext              stringtext   0000
__Htext                    text         0000
__Labs1                    abs1         0000
__Lbank0                   bank0        0000
__Lbank1                   bank1        0000
__Lbank2                   bank2        0000
__Lbank3                   bank3        0000
__LbssBANK0                bssBANK0     0000
__Lcinit                   cinit        0013
__Lclrtext                 clrtext      0000
__Lcode                    code         0000
__Lcommon                  common       0000
__Lconfig                  config       2007
__LcstackBANK0             cstackBANK0  0000
__LcstackCOMMON            cstackCOMMON 0000
__Leeprom_data             eeprom_data  0000
__Lend_init                end_init     0011
__Lfunctab                 functab      0000
__Lidloc                   idloc        0000
__Linit                    init         0011
__Lintentry                intentry     0004
__Lmaintext                maintext     0000
__Lpowerup                 powerup      0000
__Lram                     ram          0000
__Lreset_vec               reset_vec    0000
__Lsfr0                    sfr0         0000
__Lsfr1                    sfr1         0000
__Lsfr2                    sfr2         0000
__Lsfr3                    sfr3         0000
__Lspace_0                 (abs)        0000
__Lspace_1                 (abs)        0000
__Lspace_2                 (abs)        0000
__Lspace_3                 (abs)        0000
__Lstack                   stack        0000
__Lstrings                 strings      0000
__Lstringtext              stringtext   0000
__Ltext                    text         0000
__S0                       (abs)        2009
__S1                       (abs)        007E
__S2                       (abs)        0000
__S3                       (abs)        0000
___awmod                   text12       0488
___awmod@counter           cstackBANK0  0032
___awmod@dividend          cstackBANK0  002F
___awmod@divisor           cstackBANK0  002D
___awmod@sign              cstackBANK0  0033
___bmul                    text11       0775
___bmul@multiplicand       cstackBANK0  002A
___bmul@multiplier         cstackBANK0  002D
___bmul@product            cstackBANK0  002C
___int_sp                  stack        0000
___latbits                 (abs)        0001
___sp                      stack        0000
___stackhi                 (abs)        0000
___stacklo                 (abs)        0000
___wmul                    text10       06CE
___wmul@multiplicand       cstackBANK0  0036
___wmul@multiplier         cstackBANK0  0034
___wmul@product            cstackBANK0  0038
__end_of___awmod           text12       04D5
__end_of___bmul            text11       0788
__end_of___wmul            text10       06F1
__end_of__initialization   cinit        0019
__end_of__stringtab        stringtext   0112
__end_of_chores            stringtext   025C
__end_of_enable            text9        0796
__end_of_lcd_clear_all     text7        07A2
__end_of_lcd_clear_line    text5        05F1
__end_of_lcd_cmd           text8        05C1
__end_of_lcd_data          text6        0713
__end_of_lcd_init          text4        0488
__end_of_lcd_print         text3        0559
__end_of_main              maintext     0433
__end_of_random            text2        067C
__end_of_strlen            text1        0755
__end_of_testing           text13       0360
__end_of_users             stringtext   026A
__end_ofi1___awmod         text23       0520
__end_ofi1___wmul          text22       06CE
__end_ofi1_enable          text21       07AE
__end_ofi1_lcd_clear_all   text19       07B8
__end_ofi1_lcd_clear_line  text17       06A7
__end_ofi1_lcd_cmd         text20       064F
__end_ofi1_lcd_data        text18       0735
__end_ofi1_lcd_print       text16       058E
__end_ofi1_random          text15       0620
__end_ofi1_strlen          text14       0775
__initialization           cinit        0013
__pbssBANK0                bssBANK0     003E
__pcstackBANK0             cstackBANK0  0020
__pcstackCOMMON            cstackCOMMON 0070
__pintentry                intentry     0004
__pmaintext                maintext     0360
__pstringtext              stringtext   0100
__ptext1                   text1        0735
__ptext10                  text10       06CE
__ptext11                  text11       0775
__ptext12                  text12       0488
__ptext13                  text13       0276
__ptext14                  text14       0755
__ptext15                  text15       05F1
__ptext16                  text16       0559
__ptext17                  text17       067C
__ptext18                  text18       0713
__ptext19                  text19       07AE
__ptext2                   text2        064F
__ptext20                  text20       0620
__ptext21                  text21       07A2
__ptext22                  text22       06A7
__ptext23                  text23       04D5
__ptext3                   text3        0520
__ptext4                   text4        0433
__ptext5                   text5        05C1
__ptext6                   text6        06F1
__ptext7                   text7        0796
__ptext8                   text8        058E
__ptext9                   text9        0788
__size_of___awmod          (abs)        0000
__size_of___bmul           (abs)        0000
__size_of___wmul           (abs)        0000
__size_of_enable           (abs)        0000
__size_of_lcd_clear_all    (abs)        0000
__size_of_lcd_clear_line   (abs)        0000
__size_of_lcd_cmd          (abs)        0000
__size_of_lcd_data         (abs)        0000
__size_of_lcd_init         (abs)        0000
__size_of_lcd_print        (abs)        0000
__size_of_main             (abs)        0000
__size_of_random           (abs)        0000
__size_of_strlen           (abs)        0000
__size_of_testing          (abs)        0000
__size_ofi1___awmod        (abs)        0000
__size_ofi1___wmul         (abs)        0000
__size_ofi1_enable         (abs)        0000
__size_ofi1_lcd_clear_all  (abs)        0000
__size_ofi1_lcd_clear_line (abs)        0000
__size_ofi1_lcd_cmd        (abs)        0000
__size_ofi1_lcd_data       (abs)        0000
__size_ofi1_lcd_print      (abs)        0000
__size_ofi1_random         (abs)        0000
__size_ofi1_strlen         (abs)        0000
__stringbase               stringtext   0112
__stringtab                stringtext   0100
_chores                    stringtext   0112
_enable                    text9        0788
_lcd_clear_all             text7        0796
_lcd_clear_line            text5        05C1
_lcd_cmd                   text8        058E
_lcd_data                  text6        06F1
_lcd_init                  text4        0433
_lcd_off                   bssBANK0     004B
_lcd_print                 text3        0520
_long_text                 bssBANK0     0048
_main                      maintext     0360
_rand                      bssBANK0     0044
_random                    text2        064F
_space_pos                 bssBANK0     0042
_strlen                    text1        0735
_testing                   text13       0276
_text                      bssBANK0     0040
_user                      bssBANK0     004A
_users                     stringtext   025C
btemp                      (abs)        007E
clear_ram0                 clrtext      07B8
end_of_initialization      cinit        0019
i1___awmod                 text23       04D5
i1___awmod@counter         cstackCOMMON 0078
i1___awmod@dividend        cstackCOMMON 0075
i1___awmod@divisor         cstackCOMMON 0073
i1___awmod@sign            cstackCOMMON 0079
i1___wmul                  text22       06A7
i1___wmul@multiplicand     cstackCOMMON 007C
i1___wmul@multiplier       cstackCOMMON 007A
i1___wmul@product          cstackBANK0  0020
i1_enable                  text21       07A2
i1_lcd_clear_all           text19       07AE
i1_lcd_clear_line          text17       067C
i1_lcd_cmd                 text20       0620
i1_lcd_data                text18       0713
i1_lcd_print               text16       0559
i1_random                  text15       05F1
i1_strlen                  text14       0755
i1lcd_clear_line@i         cstackCOMMON 0076
i1lcd_clear_line@line      cstackCOMMON 0075
i1lcd_cmd@c                cstackCOMMON 0073
i1lcd_data@d               cstackCOMMON 0073
i1lcd_print@line           cstackCOMMON 0077
i1lcd_print@pointer        cstackCOMMON 007A
i1lcd_print@pos            cstackCOMMON 0078
i1lcd_print@size           cstackCOMMON 0076
i1lcd_print@text           cstackCOMMON 0074
i1random@original          cstackCOMMON 0072
i1random@rbit              cstackCOMMON 0071
i1strlen@i                 cstackCOMMON 0073
i1strlen@result            cstackCOMMON 0075
i1strlen@string            cstackCOMMON 0070
interrupt_function         intentry     0004
intlevel0                  functab      0000
intlevel1                  functab      0000
intlevel2                  functab      0000
intlevel3                  functab      0000
intlevel4                  functab      0000
intlevel5                  functab      0000
lcd_clear_line@i           cstackBANK0  0030
lcd_clear_line@line        cstackBANK0  002F
lcd_cmd@c                  cstackBANK0  002D
lcd_data@d                 cstackBANK0  002D
lcd_print@line             cstackBANK0  0031
lcd_print@pointer          cstackBANK0  0034
lcd_print@pos              cstackBANK0  0032
lcd_print@size             cstackBANK0  0030
lcd_print@text             cstackBANK0  002E
random@count               bssBANK0     0046
random@original            cstackBANK0  002C
random@rand                bssBANK0     0047
random@rbit                cstackBANK0  002B
reset_vec                  reset_vec    0000
saved_w                    (abs)        007E
start                      init         0011
start_initialization       cinit        0013
strlen@i                   cstackBANK0  002D
strlen@result              cstackBANK0  002F
strlen@string              cstackBANK0  002A
wtemp0                     (abs)        007E


FUNCTION INFORMATION:

 *************** function _main *****************
 Defined at:
		line 55 in file "Main.c"
 Parameters:    Size  Location     Type
		None
 Auto vars:     Size  Location     Type
		None
 Return value:  Size  Location     Type
                  1    wreg      void 
 Registers used:
		wreg, fsr0l, fsr0h, status,2, status,0, btemp+1, pclath, cstack
 Tracked objects:
		On entry : 
		On exit  : 
		Unchanged: 
 Data sizes:     COMMON   BANK0   BANK1   BANK3   BANK2
      Params:         0       0       0       0       0
      Locals:         0       0       0       0       0
      Temps:          0       4       0       0       0
      Totals:         0       4       0       0       0
Total ram usage:        4 bytes
 Hardware stack levels required when called:    7
 This function calls:
		___awmod
		___bmul
		___wmul
		_lcd_clear_all
		_lcd_clear_line
		_lcd_init
		_lcd_print
		_random
		_strlen
 This function is called by:
		Startup code after reset
 This function uses a non-reentrant model


 *************** function _strlen *****************
 Defined at:
		line 189 in file "Main.c"
 Parameters:    Size  Location     Type
  string          2   10[BANK0 ] PTR unsigned char 
		 -> NULL(0), chores(330), 
 Auto vars:     Size  Location     Type
  i               2   13[BANK0 ] int 
  result          1   15[BANK0 ] unsigned char 
 Return value:  Size  Location     Type
                  1    wreg      unsigned char 
 Registers used:
		wreg, fsr0l, fsr0h, status,2, status,0, btemp+1, pclath
 Tracked objects:
		On entry : 
		On exit  : 
		Unchanged: 
 Data sizes:     COMMON   BANK0   BANK1   BANK3   BANK2
      Params:         0       2       0       0       0
      Locals:         0       3       0       0       0
      Temps:          0       1       0       0       0
      Totals:         0       6       0       0       0
Total ram usage:        6 bytes
 Hardware stack levels used:    1
 Hardware stack levels required when called:    4
 This function calls:
		Nothing
 This function is called by:
		_main
 This function uses a non-reentrant model


 *************** function _random *****************
 Defined at:
		line 161 in file "Main.c"
 Parameters:    Size  Location     Type
		None
 Auto vars:     Size  Location     Type
  original        1   12[BANK0 ] unsigned char 
  rbit            1   11[BANK0 ] unsigned char 
 Return value:  Size  Location     Type
                  1    wreg      unsigned char 
 Registers used:
		wreg, status,2, status,0
 Tracked objects:
		On entry : 
		On exit  : 
		Unchanged: 
 Data sizes:     COMMON   BANK0   BANK1   BANK3   BANK2
      Params:         0       0       0       0       0
      Locals:         0       2       0       0       0
      Temps:          0       1       0       0       0
      Totals:         0       3       0       0       0
Total ram usage:        3 bytes
 Hardware stack levels used:    1
 Hardware stack levels required when called:    4
 This function calls:
		Nothing
 This function is called by:
		_main
 This function uses a non-reentrant model


 *************** function _lcd_print *****************
 Defined at:
		line 13 in file "LCD.c"
 Parameters:    Size  Location     Type
  text            2   14[BANK0 ] PTR unsigned char 
		 -> NULL(0), STR_1(12), RAM(512), users(14), 
		 -> chores(330), 
  size            1   16[BANK0 ] unsigned char 
  line            1   17[BANK0 ] unsigned char 
  pos             1   18[BANK0 ] unsigned char 
 Auto vars:     Size  Location     Type
  pointer         2   20[BANK0 ] PTR unsigned char 
		 -> NULL(0), STR_1(12), RAM(512), users(14), 
		 -> chores(330), 
 Return value:  Size  Location     Type
                  1    wreg      void 
 Registers used:
		wreg, fsr0l, fsr0h, status,2, status,0, btemp+1, pclath, cstack
 Tracked objects:
		On entry : 
		On exit  : 
		Unchanged: 
 Data sizes:     COMMON   BANK0   BANK1   BANK3   BANK2
      Params:         0       5       0       0       0
      Locals:         0       2       0       0       0
      Temps:          0       1       0       0       0
      Totals:         0       8       0       0       0
Total ram usage:        8 bytes
 Hardware stack levels used:    1
 Hardware stack levels required when called:    6
 This function calls:
		_lcd_cmd
		_lcd_data
 This function is called by:
		_main
 This function uses a non-reentrant model


 *************** function _lcd_init *****************
 Defined at:
		line 44 in file "LCD.c"
 Parameters:    Size  Location     Type
		None
 Auto vars:     Size  Location     Type
		None
 Return value:  Size  Location     Type
                  1    wreg      void 
 Registers used:
		wreg, status,2, status,0, pclath, cstack
 Tracked objects:
		On entry : 
		On exit  : 
		Unchanged: 
 Data sizes:     COMMON   BANK0   BANK1   BANK3   BANK2
      Params:         0       0       0       0       0
      Locals:         0       0       0       0       0
      Temps:          0       1       0       0       0
      Totals:         0       1       0       0       0
Total ram usage:        1 bytes
 Hardware stack levels used:    1
 Hardware stack levels required when called:    6
 This function calls:
		_lcd_cmd
 This function is called by:
		_main
 This function uses a non-reentrant model


 *************** function _lcd_clear_line *****************
 Defined at:
		line 33 in file "LCD.c"
 Parameters:    Size  Location     Type
  line            1    wreg     unsigned char 
 Auto vars:     Size  Location     Type
  line            1   15[BANK0 ] unsigned char 
  i               2   16[BANK0 ] int 
 Return value:  Size  Location     Type
                  1    wreg      void 
 Registers used:
		wreg, status,2, status,0, btemp+1, pclath, cstack
 Tracked objects:
		On entry : 
		On exit  : 
		Unchanged: 
 Data sizes:     COMMON   BANK0   BANK1   BANK3   BANK2
      Params:         0       0       0       0       0
      Locals:         0       3       0       0       0
      Temps:          0       1       0       0       0
      Totals:         0       4       0       0       0
Total ram usage:        4 bytes
 Hardware stack levels used:    1
 Hardware stack levels required when called:    6
 This function calls:
		_lcd_cmd
		_lcd_data
 This function is called by:
		_main
 This function uses a non-reentrant model


 *************** function _lcd_data *****************
 Defined at:
		line 90 in file "LCD.c"
 Parameters:    Size  Location     Type
  d               1    wreg     unsigned char 
 Auto vars:     Size  Location     Type
  d               1   13[BANK0 ] unsigned char 
 Return value:  Size  Location     Type
                  1    wreg      void 
 Registers used:
		wreg, status,2, status,0, pclath, cstack
 Tracked objects:
		On entry : 
		On exit  : 
		Unchanged: 
 Data sizes:     COMMON   BANK0   BANK1   BANK3   BANK2
      Params:         0       0       0       0       0
      Locals:         0       1       0       0       0
      Temps:          0       2       0       0       0
      Totals:         0       3       0       0       0
Total ram usage:        3 bytes
 Hardware stack levels used:    1
 Hardware stack levels required when called:    5
 This function calls:
		_enable
 This function is called by:
		_lcd_print
		_lcd_clear_line
 This function uses a non-reentrant model


 *************** function _lcd_clear_all *****************
 Defined at:
		line 27 in file "LCD.c"
 Parameters:    Size  Location     Type
		None
 Auto vars:     Size  Location     Type
		None
 Return value:  Size  Location     Type
                  1    wreg      void 
 Registers used:
		wreg, status,2, status,0, pclath, cstack
 Tracked objects:
		On entry : 
		On exit  : 
		Unchanged: 
 Data sizes:     COMMON   BANK0   BANK1   BANK3   BANK2
      Params:         0       0       0       0       0
      Locals:         0       0       0       0       0
      Temps:          0       1       0       0       0
      Totals:         0       1       0       0       0
Total ram usage:        1 bytes
 Hardware stack levels used:    1
 Hardware stack levels required when called:    6
 This function calls:
		_lcd_cmd
 This function is called by:
		_main
 This function uses a non-reentrant model


 *************** function _lcd_cmd *****************
 Defined at:
		line 74 in file "LCD.c"
 Parameters:    Size  Location     Type
  c               1    wreg     unsigned char 
 Auto vars:     Size  Location     Type
  c               1   13[BANK0 ] unsigned char 
 Return value:  Size  Location     Type
                  1    wreg      void 
 Registers used:
		wreg, status,2, status,0, pclath, cstack
 Tracked objects:
		On entry : 
		On exit  : 
		Unchanged: 
 Data sizes:     COMMON   BANK0   BANK1   BANK3   BANK2
      Params:         0       0       0       0       0
      Locals:         0       1       0       0       0
      Temps:          0       2       0       0       0
      Totals:         0       3       0       0       0
Total ram usage:        3 bytes
 Hardware stack levels used:    1
 Hardware stack levels required when called:    5
 This function calls:
		_enable
 This function is called by:
		_lcd_print
		_lcd_clear_all
		_lcd_clear_line
		_lcd_init
 This function uses a non-reentrant model


 *************** function _enable *****************
 Defined at:
		line 106 in file "LCD.c"
 Parameters:    Size  Location     Type
		None
 Auto vars:     Size  Location     Type
		None
 Return value:  Size  Location     Type
                  1    wreg      void 
 Registers used:
		wreg
 Tracked objects:
		On entry : 
		On exit  : 
		Unchanged: 
 Data sizes:     COMMON   BANK0   BANK1   BANK3   BANK2
      Params:         0       0       0       0       0
      Locals:         0       0       0       0       0
      Temps:          0       1       0       0       0
      Totals:         0       1       0       0       0
Total ram usage:        1 bytes
 Hardware stack levels used:    1
 Hardware stack levels required when called:    4
 This function calls:
		Nothing
 This function is called by:
		_lcd_cmd
		_lcd_data
 This function uses a non-reentrant model


 *************** function ___wmul *****************
 Defined at:
		line 15 in file "D:\Microchip\xc8\v2.05\pic\sources\c90\common\Umul16.c"
 Parameters:    Size  Location     Type
  multiplier      2   20[BANK0 ] unsigned int 
  multiplicand    2   22[BANK0 ] unsigned int 
 Auto vars:     Size  Location     Type
  product         2   24[BANK0 ] unsigned int 
 Return value:  Size  Location     Type
                  2   20[BANK0 ] unsigned int 
 Registers used:
		wreg, status,2, status,0
 Tracked objects:
		On entry : 
		On exit  : 
		Unchanged: 
 Data sizes:     COMMON   BANK0   BANK1   BANK3   BANK2
      Params:         0       4       0       0       0
      Locals:         0       2       0       0       0
      Temps:          0       0       0       0       0
      Totals:         0       6       0       0       0
Total ram usage:        6 bytes
 Hardware stack levels used:    1
 Hardware stack levels required when called:    4
 This function calls:
		Nothing
 This function is called by:
		_main
 This function uses a non-reentrant model


 *************** function ___bmul *****************
 Defined at:
		line 4 in file "D:\Microchip\xc8\v2.05\pic\sources\c90\common\Umul8.c"
 Parameters:    Size  Location     Type
  multiplier      1    wreg     unsigned char 
  multiplicand    1   10[BANK0 ] unsigned char 
 Auto vars:     Size  Location     Type
  multiplier      1   13[BANK0 ] unsigned char 
  product         1   12[BANK0 ] unsigned char 
 Return value:  Size  Location     Type
                  1    wreg      unsigned char 
 Registers used:
		wreg, status,2, status,0
 Tracked objects:
		On entry : 
		On exit  : 
		Unchanged: 
 Data sizes:     COMMON   BANK0   BANK1   BANK3   BANK2
      Params:         0       1       0       0       0
      Locals:         0       2       0       0       0
      Temps:          0       1       0       0       0
      Totals:         0       4       0       0       0
Total ram usage:        4 bytes
 Hardware stack levels used:    1
 Hardware stack levels required when called:    4
 This function calls:
		Nothing
 This function is called by:
		_main
 This function uses a non-reentrant model


 *************** function ___awmod *****************
 Defined at:
		line 5 in file "D:\Microchip\xc8\v2.05\pic\sources\c90\common\awmod.c"
 Parameters:    Size  Location     Type
  divisor         2   13[BANK0 ] int 
  dividend        2   15[BANK0 ] int 
 Auto vars:     Size  Location     Type
  sign            1   19[BANK0 ] unsigned char 
  counter         1   18[BANK0 ] unsigned char 
 Return value:  Size  Location     Type
                  2   13[BANK0 ] int 
 Registers used:
		wreg, status,2, status,0
 Tracked objects:
		On entry : 
		On exit  : 
		Unchanged: 
 Data sizes:     COMMON   BANK0   BANK1   BANK3   BANK2
      Params:         0       4       0       0       0
      Locals:         0       2       0       0       0
      Temps:          0       1       0       0       0
      Totals:         0       7       0       0       0
Total ram usage:        7 bytes
 Hardware stack levels used:    1
 Hardware stack levels required when called:    4
 This function calls:
		Nothing
 This function is called by:
		_main
		_itoa
 This function uses a non-reentrant model


 *************** function _testing *****************
 Defined at:
		line 96 in file "Main.c"
 Parameters:    Size  Location     Type
		None
 Auto vars:     Size  Location     Type
		None
 Return value:  Size  Location     Type
                  1    wreg      void 
 Registers used:
		wreg, fsr0l, fsr0h, status,2, status,0, btemp+1, pclath, cstack
 Tracked objects:
		On entry : 
		On exit  : 
		Unchanged: 
 Data sizes:     COMMON   BANK0   BANK1   BANK3   BANK2
      Params:         0       0       0       0       0
      Locals:         0       0       0       0       0
      Temps:          0       8       0       0       0
      Totals:         0       8       0       0       0
Total ram usage:        8 bytes
 Hardware stack levels used:    1
 Hardware stack levels required when called:    3
 This function calls:
		i1___awmod
		i1___wmul
		i1_lcd_clear_all
		i1_lcd_clear_line
		i1_lcd_cmd
		i1_lcd_print
		i1_random
		i1_strlen
 This function is called by:
		Interrupt level 1
 This function uses a non-reentrant model


 *************** function i1_strlen *****************
 Defined at:
		line 189 in file "Main.c"
 Parameters:    Size  Location     Type
  string          2    0[COMMON] PTR unsigned char 
		 -> NULL(0), chores(330), 
 Auto vars:     Size  Location     Type
  strlen          2    3[COMMON] int 
  strlen          1    5[COMMON] unsigned char 
 Return value:  Size  Location     Type
                  1    wreg      unsigned char 
 Registers used:
		wreg, fsr0l, fsr0h, status,2, status,0, btemp+1, pclath
 Tracked objects:
		On entry : 
		On exit  : 
		Unchanged: 
 Data sizes:     COMMON   BANK0   BANK1   BANK3   BANK2
      Params:         2       0       0       0       0
      Locals:         3       0       0       0       0
      Temps:          1       0       0       0       0
      Totals:         6       0       0       0       0
Total ram usage:        6 bytes
 Hardware stack levels used:    2
 This function calls:
		Nothing
 This function is called by:
		_testing
 This function uses a non-reentrant model


 *************** function i1_random *****************
 Defined at:
		line 161 in file "Main.c"
 Parameters:    Size  Location     Type
		None
 Auto vars:     Size  Location     Type
  random          1    2[COMMON] unsigned char 
  random          1    1[COMMON] unsigned char 
 Return value:  Size  Location     Type
                  1    wreg      unsigned char 
 Registers used:
		wreg, status,2, status,0
 Tracked objects:
		On entry : 
		On exit  : 
		Unchanged: 
 Data sizes:     COMMON   BANK0   BANK1   BANK3   BANK2
      Params:         0       0       0       0       0
      Locals:         2       0       0       0       0
      Temps:          1       0       0       0       0
      Totals:         3       0       0       0       0
Total ram usage:        3 bytes
 Hardware stack levels used:    1
 This function calls:
		Nothing
 This function is called by:
		_testing
 This function uses a non-reentrant model


 *************** function i1_lcd_print *****************
 Defined at:
		line 13 in file "LCD.c"
 Parameters:    Size  Location     Type
  text            2    4[COMMON] PTR unsigned char 
		 -> NULL(0), STR_1(12), RAM(512), users(14), 
		 -> chores(330), 
  size            1    6[COMMON] unsigned char 
  line            1    7[COMMON] unsigned char 
  pos             1    8[COMMON] unsigned char 
 Auto vars:     Size  Location     Type
  lcd_print       2   10[COMMON] PTR unsigned char 
		 -> NULL(0), STR_1(12), RAM(512), users(14), 
		 -> chores(330), 
 Return value:  Size  Location     Type
                  1    wreg      void 
 Registers used:
		wreg, fsr0l, fsr0h, status,2, status,0, btemp+1, pclath, cstack
 Tracked objects:
		On entry : 
		On exit  : 
		Unchanged: 
 Data sizes:     COMMON   BANK0   BANK1   BANK3   BANK2
      Params:         5       0       0       0       0
      Locals:         2       0       0       0       0
      Temps:          1       0       0       0       0
      Totals:         8       0       0       0       0
Total ram usage:        8 bytes
 Hardware stack levels used:    1
 Hardware stack levels required when called:    2
 This function calls:
		i1_lcd_cmd
		i1_lcd_data
 This function is called by:
		_testing
 This function uses a non-reentrant model


 *************** function i1_lcd_clear_line *****************
 Defined at:
		line 33 in file "LCD.c"
 Parameters:    Size  Location     Type
  line            1    wreg     unsigned char 
 Auto vars:     Size  Location     Type
  line            1    5[COMMON] unsigned char 
  lcd_clear_li    2    6[COMMON] int 
 Return value:  Size  Location     Type
                  1    wreg      void 
 Registers used:
		wreg, status,2, status,0, btemp+1, pclath, cstack
 Tracked objects:
		On entry : 
		On exit  : 
		Unchanged: 
 Data sizes:     COMMON   BANK0   BANK1   BANK3   BANK2
      Params:         0       0       0       0       0
      Locals:         3       0       0       0       0
      Temps:          1       0       0       0       0
      Totals:         4       0       0       0       0
Total ram usage:        4 bytes
 Hardware stack levels used:    1
 Hardware stack levels required when called:    2
 This function calls:
		i1_lcd_cmd
		i1_lcd_data
 This function is called by:
		_testing
 This function uses a non-reentrant model


 *************** function i1_lcd_data *****************
 Defined at:
		line 90 in file "LCD.c"
 Parameters:    Size  Location     Type
  d               1    wreg     unsigned char 
 Auto vars:     Size  Location     Type
  d               1    3[COMMON] unsigned char 
 Return value:  Size  Location     Type
                  1    wreg      void 
 Registers used:
		wreg, status,2, status,0, pclath, cstack
 Tracked objects:
		On entry : 
		On exit  : 
		Unchanged: 
 Data sizes:     COMMON   BANK0   BANK1   BANK3   BANK2
      Params:         0       0       0       0       0
      Locals:         1       0       0       0       0
      Temps:          2       0       0       0       0
      Totals:         3       0       0       0       0
Total ram usage:        3 bytes
 Hardware stack levels used:    1
 Hardware stack levels required when called:    1
 This function calls:
		i1_enable
 This function is called by:
		i1_lcd_print
		i1_lcd_clear_line
 This function uses a non-reentrant model


 *************** function i1_lcd_clear_all *****************
 Defined at:
		line 27 in file "LCD.c"
 Parameters:    Size  Location     Type
		None
 Auto vars:     Size  Location     Type
		None
 Return value:  Size  Location     Type
                  1    wreg      void 
 Registers used:
		wreg, status,2, status,0, pclath, cstack
 Tracked objects:
		On entry : 
		On exit  : 
		Unchanged: 
 Data sizes:     COMMON   BANK0   BANK1   BANK3   BANK2
      Params:         0       0       0       0       0
      Locals:         0       0       0       0       0
      Temps:          1       0       0       0       0
      Totals:         1       0       0       0       0
Total ram usage:        1 bytes
 Hardware stack levels used:    1
 Hardware stack levels required when called:    2
 This function calls:
		i1_lcd_cmd
 This function is called by:
		_testing
 This function uses a non-reentrant model


 *************** function i1_lcd_cmd *****************
 Defined at:
		line 74 in file "LCD.c"
 Parameters:    Size  Location     Type
  c               1    wreg     unsigned char 
 Auto vars:     Size  Location     Type
  c               1    3[COMMON] unsigned char 
 Return value:  Size  Location     Type
                  1    wreg      void 
 Registers used:
		wreg, status,2, status,0, pclath, cstack
 Tracked objects:
		On entry : 
		On exit  : 
		Unchanged: 
 Data sizes:     COMMON   BANK0   BANK1   BANK3   BANK2
      Params:         0       0       0       0       0
      Locals:         1       0       0       0       0
      Temps:          2       0       0       0       0
      Totals:         3       0       0       0       0
Total ram usage:        3 bytes
 Hardware stack levels used:    1
 Hardware stack levels required when called:    1
 This function calls:
		i1_enable
 This function is called by:
		_testing
		i1_lcd_print
		i1_lcd_clear_all
		i1_lcd_clear_line
 This function uses a non-reentrant model


 *************** function i1_enable *****************
 Defined at:
		line 106 in file "LCD.c"
 Parameters:    Size  Location     Type
		None
 Auto vars:     Size  Location     Type
		None
 Return value:  Size  Location     Type
                  1    wreg      void 
 Registers used:
		wreg
 Tracked objects:
		On entry : 
		On exit  : 
		Unchanged: 
 Data sizes:     COMMON   BANK0   BANK1   BANK3   BANK2
      Params:         0       0       0       0       0
      Locals:         0       0       0       0       0
      Temps:          1       0       0       0       0
      Totals:         1       0       0       0       0
Total ram usage:        1 bytes
 Hardware stack levels used:    1
 This function calls:
		Nothing
 This function is called by:
		i1_lcd_cmd
		i1_lcd_data
 This function uses a non-reentrant model


 *************** function i1___wmul *****************
 Defined at:
		line 15 in file "D:\Microchip\xc8\v2.05\pic\sources\c90\common\Umul16.c"
 Parameters:    Size  Location     Type
  multiplier      2   10[COMMON] unsigned int 
  multiplicand    2   12[COMMON] unsigned int 
 Auto vars:     Size  Location     Type
  __wmul          2    0[BANK0 ] unsigned int 
 Return value:  Size  Location     Type
                  2   10[COMMON] unsigned int 
 Registers used:
		wreg, status,2, status,0
 Tracked objects:
		On entry : 
		On exit  : 
		Unchanged: 
 Data sizes:     COMMON   BANK0   BANK1   BANK3   BANK2
      Params:         4       0       0       0       0
      Locals:         0       2       0       0       0
      Temps:          0       0       0       0       0
      Totals:         4       2       0       0       0
Total ram usage:        6 bytes
 Hardware stack levels used:    1
 This function calls:
		Nothing
 This function is called by:
		_testing
 This function uses a non-reentrant model


 *************** function i1___awmod *****************
 Defined at:
		line 5 in file "D:\Microchip\xc8\v2.05\pic\sources\c90\common\awmod.c"
 Parameters:    Size  Location     Type
  divisor         2    3[COMMON] int 
  dividend        2    5[COMMON] int 
 Auto vars:     Size  Location     Type
  __awmod         1    9[COMMON] unsigned char 
  __awmod         1    8[COMMON] unsigned char 
 Return value:  Size  Location     Type
                  2    3[COMMON] int 
 Registers used:
		wreg, status,2, status,0
 Tracked objects:
		On entry : 
		On exit  : 
		Unchanged: 
 Data sizes:     COMMON   BANK0   BANK1   BANK3   BANK2
      Params:         4       0       0       0       0
      Locals:         2       0       0       0       0
      Temps:          1       0       0       0       0
      Totals:         7       0       0       0       0
Total ram usage:        7 bytes
 Hardware stack levels used:    1
 This function calls:
		Nothing
 This function is called by:
		_testing
 This function uses a non-reentrant model



MODULE INFORMATION

Module		Function		Class		Link	Load	Size
D:\Microchip\xc8\v2.05\pic\sources\c90\common\Umul16.c
		___wmul        		CODE           	06CE	0000	36

D:\Microchip\xc8\v2.05\pic\sources\c90\common\Umul16.c estimated size: 36

D:\Microchip\xc8\v2.05\pic\sources\c90\common\awmod.c
		___awmod       		CODE           	0488	0000	78

D:\Microchip\xc8\v2.05\pic\sources\c90\common\awmod.c estimated size: 78

Main.c
		_testing       		CODE           	0276	0000	235
		_strlen        		CODE           	0735	0000	33
		_random        		CODE           	064F	0000	46
		_main          		CODE           	0360	0000	212

Main.c estimated size: 526

shared
		__stringtab    		STRCODE        	0100	0000	19
		i1_enable      		CODE           	07A2	0000	13
		i1_lcd_clear_all		CODE           	07AE	0000	11
		i1___wmul      		CODE           	06A7	0000	40
		__initialization		CODE           	0013	0000	7
		i1_lcd_data    		CODE           	0713	0000	35
		i1___awmod     		CODE           	04D5	0000	76
		i1_random      		CODE           	05F1	0000	48
		_users         		STRCODE        	025C	0000	15
		i1_lcd_print   		CODE           	0559	0000	54
		i1_lcd_cmd     		CODE           	0620	0000	48
		i1_strlen      		CODE           	0755	0000	33
		_chores        		STRCODE        	0112	0000	331
		i1_lcd_clear_line		CODE           	067C	0000	44

shared estimated size: 774

D:\Microchip\xc8\v2.05\pic\sources\c90\common\Umul8.c
		___bmul        		CODE           	0775	0000	20

D:\Microchip\xc8\v2.05\pic\sources\c90\common\Umul8.c estimated size: 20

LCD.c
		_lcd_cmd       		CODE           	058E	0000	52
		_lcd_data      		CODE           	06F1	0000	35
		_enable        		CODE           	0788	0000	15
		_lcd_print     		CODE           	0520	0000	58
		_lcd_clear_all 		CODE           	0796	0000	13
		_lcd_clear_line		CODE           	05C1	0000	49
		_lcd_init      		CODE           	0433	0000	86

LCD.c estimated size: 308

