Microchip MPLAB XC8 Compiler V2.05 ()

Linker command line:

-W-3 --edf=D:\Microchip\xc8\v2.05\pic\dat\en_msgs.txt -cs \
  -h+dist/default/production\LEDtest.X.production.sym \
  --cmf=dist/default/production\LEDtest.X.production.cmf -z -Q16F88 \
  -oC:\Users\WASEE~1.LAP\AppData\Local\Temp\sa9g.2 --defsym=__MPLAB_BUILD=1 \
  -Mdist/default/production/LEDtest.X.production.map -E1 -ver=XC8 \
  --acfsm=1493 -ASTACK=0110h-016Fh -pstack=STACK -ACODE=00h-07FFhx2 \
  -ASTRCODE=00h-0FFFh -ASTRING=00h-0FFhx16 -ACONST=00h-0FFhx16 \
  -AENTRY=00h-0FFhx16 -ACOMMON=070h-07Fh -ABANK0=020h-06Fh \
  -ABANK1=0A0h-0EFh -ABANK2=0110h-016Fh -ABANK3=0190h-01EFh \
  -ARAM=020h-06Fh,0A0h-0EFh,0110h-016Fh,0190h-01EFh \
  -AABS1=020h-07Fh,0A0h-0EFh,0110h-016Fh,0190h-01EFh -ASFR0=00h-01Fh \
  -ASFR1=080h-09Fh -ASFR2=0100h-010Fh -ASFR3=0180h-018Fh \
  -preset_vec=00h,intentry=04h,init,end_init -ppowerup=CODE -pcinit=CODE \
  -pfunctab=ENTRY -ACONFIG=02007h-02008h -pconfig=CONFIG -DCONFIG=2 \
  -AIDLOC=02000h-02003h -pidloc=IDLOC -DIDLOC=2 -AEEDATA=00h-0FFh/02100h \
  -peeprom_data=EEDATA -DEEDATA=2 -DCODE=2 -DSTRCODE=2 -DSTRING=2 -DCONST=2 \
  -DENTRY=2 -k C:\Users\WASEE~1.LAP\AppData\Local\Temp\sa9g.o \
  dist/default/production\LEDtest.X.production.o 

Object code version is 3.11

Machine type is 16F88



                Name                               Link     Load   Length Selector   Space Scale
C:\Users\WASEE~1.LAP\AppData\Local\Temp\sa9g.o
                end_init                              B        B        2        8       0
                reset_vec                             0        0        2        0       0
                config                             2007     2007        2     400E       0
dist/default/production\LEDtest.X.production.o
                cinit                                 D        D       10        8       0
                intentry                              4        4        7        8       0
                text12                              385      385       4B      4DA       0
                text11                              403      403       30      4DA       0
                text10                              4D0      4D0       20      4DA       0
                text9                               338      338       4D      4DA       0
                text8                               48B      48B       23      4DA       0
                text7                               4F0      4F0        E      4DA       0
                text6                               461      461       2A      4DA       0
                text5                               4FE      4FE        C      4DA       0
                text4                               2E3      2E3       55      4DA       0
                text3                               4AE      4AE       22      4DA       0
                text2                               3D0      3D0       33      4DA       0
                text1                               433      433       2E      4DA       0
                maintext                            26D      26D       76      4DA       0
                cstackBANK0                          20       20       16       20       1
                cstackCOMMON                         70       70        E       70       1
                dataBANK0                            3C       3C        2       20       1
                bssBANK0                             36       36        6       20       1
                stringtext                          100      100      16D        2       0
                idataBANK0                          50A      50A        2      4DA       0

TOTAL           Name                               Link     Load   Length     Space
        CLASS   STACK          

        CLASS   CODE           
                end_init                              B        B        2         0
                cinit                                 D        D       10         0
                intentry                              4        4        7         0
                reset_vec                             0        0        2         0
                text12                              385      385       4B         0
                text11                              403      403       30         0
                text10                              4D0      4D0       20         0
                text9                               338      338       4D         0
                text8                               48B      48B       23         0
                text7                               4F0      4F0        E         0
                text6                               461      461       2A         0
                text5                               4FE      4FE        C         0
                text4                               2E3      2E3       55         0
                text3                               4AE      4AE       22         0
                text2                               3D0      3D0       33         0
                text1                               433      433       2E         0
                maintext                            26D      26D       76         0
                idataBANK0                          50A      50A        2         0

        CLASS   STRCODE        
                stringtext                          100      100      16D         0

        CLASS   STRING         

        CLASS   CONST          

        CLASS   ENTRY          

        CLASS   COMMON         
                cstackCOMMON                         70       70        E         1

        CLASS   BANK0          
                cstackBANK0                          20       20       16         1
                dataBANK0                            3C       3C        2         1
                bssBANK0                             36       36        6         1

        CLASS   BANK1          

        CLASS   BANK2          

        CLASS   BANK3          

        CLASS   RAM            

        CLASS   ABS1           
                abs_s1                               7E       7E        2         1

        CLASS   SFR0           

        CLASS   SFR1           

        CLASS   SFR2           

        CLASS   SFR3           

        CLASS   CONFIG         
                config                             2007     2007        2         0

        CLASS   IDLOC          

        CLASS   EEDATA         



SEGMENTS        Name                           Load    Length   Top    Selector   Space  Class     Delta

                reset_vec                      000000  000002  000002         0       0  CODE        2
                intentry                       000004  000019  00001D         8       0  CODE        2
                cstackBANK0                    000020  00001E  00003E        20       1  BANK0       1
                cstackCOMMON                   000070  00000E  00007E        70       1  COMMON      1
                stringtext                     000100  00016D  00026D         2       0  STRCODE     2
                maintext                       00026D  00029F  00050C       4DA       0  CODE        2
                config                         002007  000002  002009      400E       0  CONFIG      2


UNUSED ADDRESS RANGES

        Name                Unused          Largest block    Delta
        BANK0            003E-006F             32           1
        BANK1            00A0-00EF             50           1
        BANK2            0110-016F             60           1
        BANK3            0190-01EF             60           1
        CODE             0002-0003              2           2
                         001D-00FF             E3
                         050C-0FFF            2F4
        CONST            0002-0003              2           2
                         001D-00FF             E3
                         050C-0FFF            100
        EEDATA           2100-21FF            100           2
        ENTRY            0002-0003              2           2
                         001D-00FF             E3
                         050C-0FFF            100
        IDLOC            2000-2003              4           2
        RAM              003E-006F             32           1
                         00A0-00EF             50
                         0110-016F             60
                         0190-01EF             60
        SFR0             0000-001F             20           1
        SFR1             0080-009F             20           1
        SFR2             0100-010F             10           1
        SFR3             0180-018F             10           1
        STACK            0110-016F             60           1
        STRCODE          0002-0003              2           2
                         001D-00FF             E3
                         050C-0FFF            AF4
        STRING           0002-0003              2           2
                         001D-00FF             E3
                         050C-0FFF            100

                                  Symbol Table

?___awmod                cstackBANK0  0023
?___wmul                 cstackBANK0  002A
?i1___awmod              cstackCOMMON 0073
_GIE                     (abs)        005F
_INT0IE                  (abs)        005C
_INT0IF                  (abs)        0059
_PORTA                   (abs)        0005
_PORTB                   (abs)        0006
_RA7                     (abs)        002F
_RB1                     (abs)        0031
_RB2                     (abs)        0032
_T0CS                    (abs)        040D
_TMR0                    (abs)        0001
_TMR0IE                  (abs)        005D
_TRISA                   (abs)        0085
_TRISB                   (abs)        0086
__CFG_BOREN$OFF          (abs)        0000
__CFG_CCPMX$RB0          (abs)        0000
__CFG_CP$OFF             (abs)        0000
__CFG_CPD$OFF            (abs)        0000
__CFG_FCMEN$ON           (abs)        0000
__CFG_FOSC$INTOSCIO      (abs)        0000
__CFG_IESO$ON            (abs)        0000
__CFG_LVP$OFF            (abs)        0000
__CFG_MCLRE$ON           (abs)        0000
__CFG_PWRTE$OFF          (abs)        0000
__CFG_WDTE$OFF           (abs)        0000
__CFG_WRT$OFF            (abs)        0000
__Habs1                  abs1         0000
__Hbank0                 bank0        0000
__Hbank1                 bank1        0000
__Hbank2                 bank2        0000
__Hbank3                 bank3        0000
__HbssBANK0              bssBANK0     0000
__Hcinit                 cinit        001D
__Hclrtext               clrtext      0000
__Hcode                  code         0000
__Hcommon                common       0000
__Hconfig                config       2009
__HcstackBANK0           cstackBANK0  0000
__HcstackCOMMON          cstackCOMMON 0000
__HdataBANK0             dataBANK0    0000
__Heeprom_data           eeprom_data  0000
__Hend_init              end_init     000D
__Hfunctab               functab      0000
__HidataBANK0            idataBANK0   0000
__Hidloc                 idloc        0000
__Hinit                  init         000B
__Hintentry              intentry     000B
__Hmaintext              maintext     0000
__Hpowerup               powerup      0000
__Hram                   ram          0000
__Hreset_vec             reset_vec    0002
__Hsfr0                  sfr0         0000
__Hsfr1                  sfr1         0000
__Hsfr2                  sfr2         0000
__Hsfr3                  sfr3         0000
__Hspace_0               (abs)        2009
__Hspace_1               (abs)        007E
__Hspace_2               (abs)        0000
__Hspace_3               (abs)        0000
__Hstack                 stack        0000
__Hstrings               strings      0000
__Hstringtext            stringtext   0000
__Htext                  text         0000
__Labs1                  abs1         0000
__Lbank0                 bank0        0000
__Lbank1                 bank1        0000
__Lbank2                 bank2        0000
__Lbank3                 bank3        0000
__LbssBANK0              bssBANK0     0000
__Lcinit                 cinit        000D
__Lclrtext               clrtext      0000
__Lcode                  code         0000
__Lcommon                common       0000
__Lconfig                config       2007
__LcstackBANK0           cstackBANK0  0000
__LcstackCOMMON          cstackCOMMON 0000
__LdataBANK0             dataBANK0    0000
__Leeprom_data           eeprom_data  0000
__Lend_init              end_init     000B
__Lfunctab               functab      0000
__LidataBANK0            idataBANK0   0000
__Lidloc                 idloc        0000
__Linit                  init         000B
__Lintentry              intentry     0004
__Lmaintext              maintext     0000
__Lpowerup               powerup      0000
__Lram                   ram          0000
__Lreset_vec             reset_vec    0000
__Lsfr0                  sfr0         0000
__Lsfr1                  sfr1         0000
__Lsfr2                  sfr2         0000
__Lsfr3                  sfr3         0000
__Lspace_0               (abs)        0000
__Lspace_1               (abs)        0000
__Lspace_2               (abs)        0000
__Lspace_3               (abs)        0000
__Lstack                 stack        0000
__Lstrings               strings      0000
__Lstringtext            stringtext   0000
__Ltext                  text         0000
__S0                     (abs)        2009
__S1                     (abs)        007E
__S2                     (abs)        0000
__S3                     (abs)        0000
___awmod                 text9        0338
___awmod@counter         cstackBANK0  0028
___awmod@dividend        cstackBANK0  0025
___awmod@divisor         cstackBANK0  0023
___awmod@sign            cstackBANK0  0029
___int_sp                stack        0000
___latbits               (abs)        0001
___sp                    stack        0000
___stackhi               (abs)        0000
___stacklo               (abs)        0000
___wmul                  text8        048B
___wmul@multiplicand     cstackBANK0  002C
___wmul@multiplier       cstackBANK0  002A
___wmul@product          cstackBANK0  002E
__end_of___awmod         text9        0385
__end_of___wmul          text8        04AE
__end_of__initialization cinit        001A
__end_of__stringtab      stringtext   0112
__end_of_chores          stringtext   0268
__end_of_enable          text7        04FE
__end_of_lcd_clear_all   text5        050A
__end_of_lcd_cmd         text6        048B
__end_of_lcd_data        text3        04D0
__end_of_lcd_init        text4        0338
__end_of_lcd_print       text2        0403
__end_of_main            maintext     02E3
__end_of_random          text1        0461
__end_of_testing         text10       04F0
__end_of_users           stringtext   011E
__end_ofi1___awmod       text12       03D0
__end_ofi1_random        text11       0433
__initialization         cinit        000D
__pbssBANK0              bssBANK0     0036
__pcstackBANK0           cstackBANK0  0020
__pcstackCOMMON          cstackCOMMON 0070
__pdataBANK0             dataBANK0    003C
__pidataBANK0            idataBANK0   050A
__pintentry              intentry     0004
__pmaintext              maintext     026D
__pstringtext            stringtext   0100
__ptext1                 text1        0433
__ptext10                text10       04D0
__ptext11                text11       0403
__ptext12                text12       0385
__ptext2                 text2        03D0
__ptext3                 text3        04AE
__ptext4                 text4        02E3
__ptext5                 text5        04FE
__ptext6                 text6        0461
__ptext7                 text7        04F0
__ptext8                 text8        048B
__ptext9                 text9        0338
__size_of___awmod        (abs)        0000
__size_of___wmul         (abs)        0000
__size_of_enable         (abs)        0000
__size_of_lcd_clear_all  (abs)        0000
__size_of_lcd_cmd        (abs)        0000
__size_of_lcd_data       (abs)        0000
__size_of_lcd_init       (abs)        0000
__size_of_lcd_print      (abs)        0000
__size_of_main           (abs)        0000
__size_of_random         (abs)        0000
__size_of_testing        (abs)        0000
__size_ofi1___awmod      (abs)        0000
__size_ofi1_random       (abs)        0000
__stringbase             stringtext   0112
__stringtab              stringtext   0100
_chores                  stringtext   011E
_enable                  text7        04F0
_i                       bssBANK0     0038
_lcd_clear_all           text5        04FE
_lcd_cmd                 text6        0461
_lcd_data                text3        04AE
_lcd_init                text4        02E3
_lcd_print               text2        03D0
_main                    maintext     026D
_pointer                 bssBANK0     0036
_random                  text1        0433
_testing                 text10       04D0
btemp                    (abs)        007E
end_of_initialization    cinit        001A
i1___awmod               text12       0385
i1___awmod@counter       cstackCOMMON 0078
i1___awmod@dividend      cstackCOMMON 0075
i1___awmod@divisor       cstackCOMMON 0073
i1___awmod@sign          cstackCOMMON 0079
i1_random                text11       0403
i1random@original        cstackCOMMON 0072
i1random@rbit            cstackCOMMON 0071
interrupt_function       intentry     0004
intlevel0                functab      0000
intlevel1                functab      0000
intlevel2                functab      0000
intlevel3                functab      0000
intlevel4                functab      0000
intlevel5                functab      0000
lcd_cmd@c                cstackBANK0  0023
lcd_data@d               cstackBANK0  0023
lcd_print@line           cstackBANK0  0026
lcd_print@pointer        cstackBANK0  0028
lcd_print@text           cstackBANK0  0024
main@k                   cstackBANK0  0034
random@count             bssBANK0     003A
random@original          cstackBANK0  0022
random@rand              bssBANK0     003B
random@rbit              cstackBANK0  0021
reset_vec                reset_vec    0000
saved_w                  (abs)        007E
start                    init         000B
start_initialization     cinit        000D
wtemp0                   (abs)        007E


FUNCTION INFORMATION:

 *************** function _main *****************
 Defined at:
		line 42 in file "LEDtest.c"
 Parameters:    Size  Location     Type
		None
 Auto vars:     Size  Location     Type
  k               2   20[BANK0 ] int 
 Return value:  Size  Location     Type
                  1    wreg      void 
 Registers used:
		wreg, fsr0l, fsr0h, status,2, status,0, btemp+1, pclath, cstack
 Tracked objects:
		On entry : 
		On exit  : 
		Unchanged: 
 Data sizes:     COMMON   BANK0   BANK1   BANK3   BANK2
      Params:         0       0       0       0       0
      Locals:         0       2       0       0       0
      Temps:          0       4       0       0       0
      Totals:         0       6       0       0       0
Total ram usage:        6 bytes
 Hardware stack levels required when called:    5
 This function calls:
		___awmod
		___wmul
		_lcd_clear_all
		_lcd_init
		_lcd_print
		_random
 This function is called by:
		Startup code after reset
 This function uses a non-reentrant model


 *************** function _random *****************
 Defined at:
		line 109 in file "LEDtest.c"
 Parameters:    Size  Location     Type
		None
 Auto vars:     Size  Location     Type
  original        1    2[BANK0 ] unsigned char 
  rbit            1    1[BANK0 ] unsigned char 
 Return value:  Size  Location     Type
                  1    wreg      unsigned char 
 Registers used:
		wreg, status,2, status,0
 Tracked objects:
		On entry : 
		On exit  : 
		Unchanged: 
 Data sizes:     COMMON   BANK0   BANK1   BANK3   BANK2
      Params:         0       0       0       0       0
      Locals:         0       2       0       0       0
      Temps:          0       1       0       0       0
      Totals:         0       3       0       0       0
Total ram usage:        3 bytes
 Hardware stack levels used:    1
 Hardware stack levels required when called:    2
 This function calls:
		Nothing
 This function is called by:
		_main
 This function uses a non-reentrant model


 *************** function _lcd_print *****************
 Defined at:
		line 13 in file "LCD.c"
 Parameters:    Size  Location     Type
  text            2    4[BANK0 ] PTR unsigned char 
		 -> NULL(0), chores(330), 
  line            1    6[BANK0 ] const unsigned char 
 Auto vars:     Size  Location     Type
  pointer         2    8[BANK0 ] PTR unsigned char 
		 -> NULL(0), chores(330), 
 Return value:  Size  Location     Type
                  1    wreg      void 
 Registers used:
		wreg, fsr0l, fsr0h, status,2, status,0, btemp+1, pclath, cstack
 Tracked objects:
		On entry : 
		On exit  : 
		Unchanged: 
 Data sizes:     COMMON   BANK0   BANK1   BANK3   BANK2
      Params:         0       3       0       0       0
      Locals:         0       2       0       0       0
      Temps:          0       1       0       0       0
      Totals:         0       6       0       0       0
Total ram usage:        6 bytes
 Hardware stack levels used:    1
 Hardware stack levels required when called:    4
 This function calls:
		_lcd_cmd
		_lcd_data
 This function is called by:
		_main
 This function uses a non-reentrant model


 *************** function _lcd_data *****************
 Defined at:
		line 90 in file "LCD.c"
 Parameters:    Size  Location     Type
  d               1    wreg     unsigned char 
 Auto vars:     Size  Location     Type
  d               1    3[BANK0 ] unsigned char 
 Return value:  Size  Location     Type
                  1    wreg      void 
 Registers used:
		wreg, status,2, status,0, pclath, cstack
 Tracked objects:
		On entry : 
		On exit  : 
		Unchanged: 
 Data sizes:     COMMON   BANK0   BANK1   BANK3   BANK2
      Params:         0       0       0       0       0
      Locals:         0       1       0       0       0
      Temps:          0       2       0       0       0
      Totals:         0       3       0       0       0
Total ram usage:        3 bytes
 Hardware stack levels used:    1
 Hardware stack levels required when called:    3
 This function calls:
		_enable
 This function is called by:
		_lcd_print
		_lcd_clear_line
 This function uses a non-reentrant model


 *************** function _lcd_init *****************
 Defined at:
		line 44 in file "LCD.c"
 Parameters:    Size  Location     Type
		None
 Auto vars:     Size  Location     Type
		None
 Return value:  Size  Location     Type
                  1    wreg      void 
 Registers used:
		wreg, status,2, status,0, pclath, cstack
 Tracked objects:
		On entry : 
		On exit  : 
		Unchanged: 
 Data sizes:     COMMON   BANK0   BANK1   BANK3   BANK2
      Params:         0       0       0       0       0
      Locals:         0       0       0       0       0
      Temps:          0       1       0       0       0
      Totals:         0       1       0       0       0
Total ram usage:        1 bytes
 Hardware stack levels used:    1
 Hardware stack levels required when called:    4
 This function calls:
		_lcd_cmd
 This function is called by:
		_main
 This function uses a non-reentrant model


 *************** function _lcd_clear_all *****************
 Defined at:
		line 26 in file "LCD.c"
 Parameters:    Size  Location     Type
		None
 Auto vars:     Size  Location     Type
		None
 Return value:  Size  Location     Type
                  1    wreg      void 
 Registers used:
		wreg, status,2, status,0, pclath, cstack
 Tracked objects:
		On entry : 
		On exit  : 
		Unchanged: 
 Data sizes:     COMMON   BANK0   BANK1   BANK3   BANK2
      Params:         0       0       0       0       0
      Locals:         0       0       0       0       0
      Temps:          0       1       0       0       0
      Totals:         0       1       0       0       0
Total ram usage:        1 bytes
 Hardware stack levels used:    1
 Hardware stack levels required when called:    4
 This function calls:
		_lcd_cmd
 This function is called by:
		_main
 This function uses a non-reentrant model


 *************** function _lcd_cmd *****************
 Defined at:
		line 74 in file "LCD.c"
 Parameters:    Size  Location     Type
  c               1    wreg     unsigned char 
 Auto vars:     Size  Location     Type
  c               1    3[BANK0 ] unsigned char 
 Return value:  Size  Location     Type
                  1    wreg      void 
 Registers used:
		wreg, status,2, status,0, pclath, cstack
 Tracked objects:
		On entry : 
		On exit  : 
		Unchanged: 
 Data sizes:     COMMON   BANK0   BANK1   BANK3   BANK2
      Params:         0       0       0       0       0
      Locals:         0       1       0       0       0
      Temps:          0       2       0       0       0
      Totals:         0       3       0       0       0
Total ram usage:        3 bytes
 Hardware stack levels used:    1
 Hardware stack levels required when called:    3
 This function calls:
		_enable
 This function is called by:
		_lcd_print
		_lcd_clear_all
		_lcd_init
		_lcd_clear_line
 This function uses a non-reentrant model


 *************** function _enable *****************
 Defined at:
		line 106 in file "LCD.c"
 Parameters:    Size  Location     Type
		None
 Auto vars:     Size  Location     Type
		None
 Return value:  Size  Location     Type
                  1    wreg      void 
 Registers used:
		wreg
 Tracked objects:
		On entry : 
		On exit  : 
		Unchanged: 
 Data sizes:     COMMON   BANK0   BANK1   BANK3   BANK2
      Params:         0       0       0       0       0
      Locals:         0       0       0       0       0
      Temps:          0       1       0       0       0
      Totals:         0       1       0       0       0
Total ram usage:        1 bytes
 Hardware stack levels used:    1
 Hardware stack levels required when called:    2
 This function calls:
		Nothing
 This function is called by:
		_lcd_cmd
		_lcd_data
 This function uses a non-reentrant model


 *************** function ___wmul *****************
 Defined at:
		line 15 in file "D:\Microchip\xc8\v2.05\pic\sources\c90\common\Umul16.c"
 Parameters:    Size  Location     Type
  multiplier      2   10[BANK0 ] unsigned int 
  multiplicand    2   12[BANK0 ] unsigned int 
 Auto vars:     Size  Location     Type
  product         2   14[BANK0 ] unsigned int 
 Return value:  Size  Location     Type
                  2   10[BANK0 ] unsigned int 
 Registers used:
		wreg, status,2, status,0
 Tracked objects:
		On entry : 
		On exit  : 
		Unchanged: 
 Data sizes:     COMMON   BANK0   BANK1   BANK3   BANK2
      Params:         0       4       0       0       0
      Locals:         0       2       0       0       0
      Temps:          0       0       0       0       0
      Totals:         0       6       0       0       0
Total ram usage:        6 bytes
 Hardware stack levels used:    1
 Hardware stack levels required when called:    2
 This function calls:
		Nothing
 This function is called by:
		_main
 This function uses a non-reentrant model


 *************** function ___awmod *****************
 Defined at:
		line 5 in file "D:\Microchip\xc8\v2.05\pic\sources\c90\common\awmod.c"
 Parameters:    Size  Location     Type
  divisor         2    3[BANK0 ] int 
  dividend        2    5[BANK0 ] int 
 Auto vars:     Size  Location     Type
  sign            1    9[BANK0 ] unsigned char 
  counter         1    8[BANK0 ] unsigned char 
 Return value:  Size  Location     Type
                  2    3[BANK0 ] int 
 Registers used:
		wreg, status,2, status,0
 Tracked objects:
		On entry : 
		On exit  : 
		Unchanged: 
 Data sizes:     COMMON   BANK0   BANK1   BANK3   BANK2
      Params:         0       4       0       0       0
      Locals:         0       2       0       0       0
      Temps:          0       1       0       0       0
      Totals:         0       7       0       0       0
Total ram usage:        7 bytes
 Hardware stack levels used:    1
 Hardware stack levels required when called:    2
 This function calls:
		Nothing
 This function is called by:
		_main
		_itoa
 This function uses a non-reentrant model


 *************** function _testing *****************
 Defined at:
		line 93 in file "LEDtest.c"
 Parameters:    Size  Location     Type
		None
 Auto vars:     Size  Location     Type
		None
 Return value:  Size  Location     Type
                  1    wreg      void 
 Registers used:
		wreg, status,2, status,0, pclath, cstack
 Tracked objects:
		On entry : 
		On exit  : 
		Unchanged: 
 Data sizes:     COMMON   BANK0   BANK1   BANK3   BANK2
      Params:         0       0       0       0       0
      Locals:         0       0       0       0       0
      Temps:          4       0       0       0       0
      Totals:         4       0       0       0       0
Total ram usage:        4 bytes
 Hardware stack levels used:    1
 Hardware stack levels required when called:    1
 This function calls:
		i1___awmod
		i1_random
 This function is called by:
		Interrupt level 1
 This function uses a non-reentrant model


 *************** function i1_random *****************
 Defined at:
		line 109 in file "LEDtest.c"
 Parameters:    Size  Location     Type
		None
 Auto vars:     Size  Location     Type
  random          1    2[COMMON] unsigned char 
  random          1    1[COMMON] unsigned char 
 Return value:  Size  Location     Type
                  1    wreg      unsigned char 
 Registers used:
		wreg, status,2, status,0
 Tracked objects:
		On entry : 
		On exit  : 
		Unchanged: 
 Data sizes:     COMMON   BANK0   BANK1   BANK3   BANK2
      Params:         0       0       0       0       0
      Locals:         2       0       0       0       0
      Temps:          1       0       0       0       0
      Totals:         3       0       0       0       0
Total ram usage:        3 bytes
 Hardware stack levels used:    1
 This function calls:
		Nothing
 This function is called by:
		_testing
 This function uses a non-reentrant model


 *************** function i1___awmod *****************
 Defined at:
		line 5 in file "D:\Microchip\xc8\v2.05\pic\sources\c90\common\awmod.c"
 Parameters:    Size  Location     Type
  divisor         2    3[COMMON] int 
  dividend        2    5[COMMON] int 
 Auto vars:     Size  Location     Type
  __awmod         1    9[COMMON] unsigned char 
  __awmod         1    8[COMMON] unsigned char 
 Return value:  Size  Location     Type
                  2    3[COMMON] int 
 Registers used:
		wreg, status,2, status,0
 Tracked objects:
		On entry : 
		On exit  : 
		Unchanged: 
 Data sizes:     COMMON   BANK0   BANK1   BANK3   BANK2
      Params:         4       0       0       0       0
      Locals:         2       0       0       0       0
      Temps:          1       0       0       0       0
      Totals:         7       0       0       0       0
Total ram usage:        7 bytes
 Hardware stack levels used:    1
 This function calls:
		Nothing
 This function is called by:
		_testing
 This function uses a non-reentrant model



MODULE INFORMATION

Module		Function		Class		Link	Load	Size
D:\Microchip\xc8\v2.05\pic\sources\c90\common\Umul16.c
		___wmul        		CODE           	048B	0000	36

D:\Microchip\xc8\v2.05\pic\sources\c90\common\Umul16.c estimated size: 36

LEDtest.c
		_testing       		CODE           	04D0	0000	33
		_random        		CODE           	0433	0000	47
		_main          		CODE           	026D	0000	119

LEDtest.c estimated size: 199

D:\Microchip\xc8\v2.05\pic\sources\c90\common\awmod.c
		___awmod       		CODE           	0338	0000	78

D:\Microchip\xc8\v2.05\pic\sources\c90\common\awmod.c estimated size: 78

shared
		__stringtab    		STRCODE        	0100	0000	19
		__initialization		CODE           	000D	0000	14
		i1___awmod     		CODE           	0385	0000	76
		i1_random      		CODE           	0403	0000	49
		_users         		STRCODE        	0000	0000	0
		_chores        		STRCODE        	011E	0000	331

shared estimated size: 489

LCD.c
		_lcd_cmd       		CODE           	0461	0000	43
		_lcd_data      		CODE           	04AE	0000	35
		_enable        		CODE           	04F0	0000	15
		_lcd_print     		CODE           	03D0	0000	52
		_lcd_clear_all 		CODE           	04FE	0000	13
		_lcd_init      		CODE           	02E3	0000	86

LCD.c estimated size: 244

